 
****************************************
Report : area
Design : mul_array
Version: T-2022.03-SP5
Date   : Thu Aug 14 09:12:44 2025
****************************************

Library(s) Used:

    sc28nmlp_rvt_tt_1p00v_25c (File: /pdk/sc28nmlp/db/sc28nmlp_rvt_tt_1p00v_25c.db)

Number of ports:                      1024
Number of nets:                      27851
Number of cells:                     27184
Number of combinational cells:       27184
Number of sequential cells:              0
Number of macros/black boxes:            0
Number of buf/inv:                    4102
Number of references:                    2

Combinational area:               19291.037400
Buf/Inv area:                      2411.881400
Noncombinational area:                0.000000
Macro/Black Box area:                 0.000000
Net Interconnect area:      undefined  (Wire load has zero net area)

Total cell area:                  19291.037400
Total area:                 undefined

Hierarchical area distribution
------------------------------------------------------------------------------
                                  Global cell area      Local cell area
                                  -----------------  ----------------------
Hierarchical cell                  Absolute  Percent  Combi-   Noncombi- Black-
                                   Total              national national  boxes
------------------------------------------------------------------------------
mul_array                         19291.0374   100.0    0.0000    0.0000  0.0000
g_lane[0].u_mul (fp16_mul)          721.6277     3.7  721.6277    0.0000  0.0000
g_lane[0].u_acc (fp16_add)          484.2596     2.5  484.2596    0.0000  0.0000
g_lane[1].u_mul (fp16_mul)          720.8164     3.7  720.8164    0.0000  0.0000
g_lane[1].u_acc (fp16_add)          483.4733     2.5  483.4733    0.0000  0.0000
g_lane[2].u_mul (fp16_mul)          723.7880     3.8  723.7880    0.0000  0.0000
g_lane[2].u_acc (fp16_add)          482.8606     2.5  482.8606    0.0000  0.0000
g_lane[3].u_mul (fp16_mul)          720.8042     3.7  720.8042    0.0000  0.0000
g_lane[3].u_acc (fp16_add)          484.3170     2.5  484.3170    0.0000  0.0000
g_lane[4].u_mul (fp16_mul)          721.8844     3.7  721.8844    0.0000  0.0000
g_lane[4].u_acc (fp16_add)          482.9399     2.5  482.9399    0.0000  0.0000
g_lane[5].u_mul (fp16_mul)          723.8424     3.8  723.8424    0.0000  0.0000
g_lane[5].u_acc (fp16_add)          484.6091     2.5  484.6091    0.0000  0.0000
g_lane[6].u_mul (fp16_mul)          723.6618     3.8  723.6618    0.0000  0.0000
g_lane[6].u_acc (fp16_add)          483.8370     2.5  483.8370    0.0000  0.0000
g_lane[7].u_mul (fp16_mul)          722.8979     3.7  722.8979    0.0000  0.0000
g_lane[7].u_acc (fp16_add)          484.9886     2.5  484.9886    0.0000  0.0000
g_lane[8].u_mul (fp16_mul)          720.8124     3.7  720.8124    0.0000  0.0000
g_lane[8].u_acc (fp16_add)          482.6290     2.5  482.6290    0.0000  0.0000
g_lane[9].u_mul (fp16_mul)          723.3311     3.7  723.3311    0.0000  0.0000
g_lane[9].u_acc (fp16_add)          483.3768     2.5  483.3768    0.0000  0.0000
g_lane[10].u_mul (fp16_mul)         722.7234     3.7  722.7234    0.0000  0.0000
g_lane[10].u_acc (fp16_add)         483.4485     2.5  483.4485    0.0000  0.0000
g_lane[11].u_mul (fp16_mul)         720.9696     3.7  720.9696    0.0000  0.0000
g_lane[11].u_acc (fp16_add)         484.5127     2.5  484.5127    0.0000  0.0000
g_lane[12].u_mul (fp16_mul)         721.5812     3.7  721.5812    0.0000  0.0000
g_lane[12].u_acc (fp16_add)         482.4004     2.5  482.4004    0.0000  0.0000
g_lane[13].u_mul (fp16_mul)         723.1293     3.7  723.1293    0.0000  0.0000
g_lane[13].u_acc (fp16_add)         483.5352     2.5  483.5352    0.0000  0.0000
g_lane[14].u_mul (fp16_mul)         723.3527     3.7  723.3527    0.0000  0.0000
g_lane[14].u_acc (fp16_add)         483.2036     2.5  483.2036    0.0000  0.0000
g_lane[15].u_mul (fp16_mul)         719.3775     3.7  719.3775    0.0000  0.0000
g_lane[15].u_acc (fp16_add)         482.0461     2.5  482.0461    0.0000  0.0000
------------------------------------------------------------------------------
Total                                                    19291.0374    0.0000  0.0000

1
 
****************************************
Report : area
Design : add_tree
Version: T-2022.03-SP5
Date   : Thu Aug 14 09:12:44 2025
****************************************

Library(s) Used:

    sc28nmlp_rvt_tt_1p00v_25c (File: /pdk/sc28nmlp/db/sc28nmlp_rvt_tt_1p00v_25c.db)

Number of ports:                       272
Number of nets:                      15683
Number of cells:                     15426
Number of combinational cells:       15426
Number of sequential cells:              0
Number of macros/black boxes:            0
Number of buf/inv:                    2298
Number of references:                    1

Combinational area:               10963.962800
Buf/Inv area:                      1573.450600
Noncombinational area:                0.000000
Macro/Black Box area:                 0.000000
Net Interconnect area:      undefined  (Wire load has zero net area)

Total cell area:                  10963.962800
Total area:                 undefined

Hierarchical area distribution
------------------------------------------------------------------------------
                                  Global cell area      Local cell area
                                  -----------------  ----------------------
Hierarchical cell                  Absolute  Percent  Combi-   Noncombi- Black-
                                   Total              national national  boxes
------------------------------------------------------------------------------
add_tree                          10963.9628   100.0    0.0000    0.0000  0.0000
g_lvl1[0].u (fp16_add)              731.1749     6.7  731.1749    0.0000  0.0000
g_lvl1[1].u (fp16_add)              731.1004     6.7  731.1004    0.0000  0.0000
g_lvl1[2].u (fp16_add)              730.8323     6.7  730.8323    0.0000  0.0000
g_lvl1[3].u (fp16_add)              731.1185     6.7  731.1185    0.0000  0.0000
g_lvl1[4].u (fp16_add)              730.7505     6.7  730.7505    0.0000  0.0000
g_lvl1[5].u (fp16_add)              730.3707     6.7  730.3707    0.0000  0.0000
g_lvl1[6].u (fp16_add)              728.7915     6.6  728.7915    0.0000  0.0000
g_lvl1[7].u (fp16_add)              731.9685     6.7  731.9685    0.0000  0.0000
g_lvl2[0].u (fp16_add)              729.1928     6.7  729.1928    0.0000  0.0000
g_lvl2[1].u (fp16_add)              729.3531     6.7  729.3531    0.0000  0.0000
g_lvl2[2].u (fp16_add)              731.7037     6.7  731.7037    0.0000  0.0000
g_lvl2[3].u (fp16_add)              729.1323     6.7  729.1323    0.0000  0.0000
g_lvl3[0].u (fp16_add)              730.1981     6.7  730.1981    0.0000  0.0000
g_lvl3[1].u (fp16_add)              728.7276     6.6  728.7276    0.0000  0.0000
u_lvl4 (fp16_add)                   739.5479     6.7  739.5479    0.0000  0.0000
------------------------------------------------------------------------------
Total                                                    10963.9628    0.0000  0.0000

1
 
****************************************
Report : area
Design : vec_acc_regs
Version: T-2022.03-SP5
Date   : Thu Aug 14 09:12:44 2025
****************************************

Library(s) Used:

    sc28nmlp_rvt_tt_1p00v_25c (File: /pdk/sc28nmlp/db/sc28nmlp_rvt_tt_1p00v_25c.db)

Number of ports:                      1030
Number of nets:                       3096
Number of cells:                      1043
Number of combinational cells:         530
Number of sequential cells:            513
Number of macros/black boxes:            0
Number of buf/inv:                     214
Number of references:                    3

Combinational area:                 141.755100
Buf/Inv area:                        96.883400
Noncombinational area:             2357.290000
Macro/Black Box area:                 0.000000
Net Interconnect area:      undefined  (Wire load has zero net area)

Total cell area:                   2499.045100
Total area:                 undefined

Hierarchical area distribution
------------------------------------------------------------------------------
                                  Global cell area      Local cell area
                                  -----------------  ----------------------
Hierarchical cell                  Absolute  Percent  Combi-   Noncombi- Black-
                                   Total              national national  boxes
------------------------------------------------------------------------------
vec_acc_regs                       2499.0451   100.0  141.7551 2357.2900  0.0000
------------------------------------------------------------------------------
Total                                                      141.7551 2357.2900  0.0000

1
 
****************************************
Report : area
Design : operand_fifo
Version: T-2022.03-SP5
Date   : Thu Aug 14 09:12:44 2025
****************************************

Library(s) Used:

    sc28nmlp_rvt_tt_1p00v_25c (File: /pdk/sc28nmlp/db/sc28nmlp_rvt_tt_1p00v_25c.db)

Number of ports:                       519
Number of nets:                       2402
Number of cells:                      2114
Number of combinational cells:        1084
Number of sequential cells:           1030
Number of macros/black boxes:            0
Number of buf/inv:                     402
Number of references:                    4

Combinational area:                 372.481200
Buf/Inv area:                       141.762000
Noncombinational area:             1763.500000
Macro/Black Box area:                 0.000000
Net Interconnect area:      undefined  (Wire load has zero net area)

Total cell area:                   2135.981200
Total area:                 undefined

Hierarchical area distribution
------------------------------------------------------------------------------
                                  Global cell area      Local cell area
                                  -----------------  ----------------------
Hierarchical cell                  Absolute  Percent  Combi-   Noncombi- Black-
                                   Total              national national  boxes
------------------------------------------------------------------------------
operand_fifo                       2135.9812   100.0  372.4812 1763.5000  0.0000
------------------------------------------------------------------------------
Total                                                      372.4812 1763.5000  0.0000

1
 
****************************************
Report : area
Design : arbiter_4to1
Version: T-2022.03-SP5
Date   : Thu Aug 14 09:12:44 2025
****************************************

Library(s) Used:

    sc28nmlp_rvt_tt_1p00v_25c (File: /pdk/sc28nmlp/db/sc28nmlp_rvt_tt_1p00v_25c.db)

Number of ports:                      1299
Number of nets:                       1063
Number of cells:                      1051
Number of combinational cells:        1049
Number of sequential cells:              2
Number of macros/black boxes:            0
Number of buf/inv:                     688
Number of references:                    3

Combinational area:                 631.843700
Buf/Inv area:                       269.448800
Noncombinational area:                4.180000
Macro/Black Box area:                 0.000000
Net Interconnect area:      undefined  (Wire load has zero net area)

Total cell area:                    636.023700
Total area:                 undefined

Hierarchical area distribution
------------------------------------------------------------------------------
                                  Global cell area      Local cell area
                                  -----------------  ----------------------
Hierarchical cell                  Absolute  Percent  Combi-   Noncombi- Black-
                                   Total              national national  boxes
------------------------------------------------------------------------------
arbiter_4to1                        636.0237   100.0  631.8437    4.1800  0.0000
------------------------------------------------------------------------------
Total                                                      631.8437    4.1800  0.0000

1
 
****************************************
Report : area
Design : mode_ctrl
Version: T-2022.03-SP5
Date   : Thu Aug 14 09:12:44 2025
****************************************

Library(s) Used:

    sc28nmlp_rvt_tt_1p00v_25c (File: /pdk/sc28nmlp/db/sc28nmlp_rvt_tt_1p00v_25c.db)

Number of ports:                         7
Number of nets:                         21
Number of cells:                        24
Number of combinational cells:          21
Number of sequential cells:              3
Number of macros/black boxes:            0
Number of buf/inv:                       6
Number of references:                    3

Combinational area:                   7.934900
Buf/Inv area:                         1.901200
Noncombinational area:                6.270000
Macro/Black Box area:                 0.000000
Net Interconnect area:      undefined  (Wire load has zero net area)

Total cell area:                     14.204900
Total area:                 undefined

Hierarchical area distribution
------------------------------------------------------------------------------
                                  Global cell area      Local cell area
                                  -----------------  ----------------------
Hierarchical cell                  Absolute  Percent  Combi-   Noncombi- Black-
                                   Total              national national  boxes
------------------------------------------------------------------------------
mode_ctrl                            14.2049   100.0    7.9349    6.2700  0.0000
------------------------------------------------------------------------------
Total                                                        7.9349    6.2700  0.0000

1
